
A module that was compiled using NumPy 1.x cannot be run in
NumPy 2.2.6 as it may crash. To support both 1.x and 2.x
versions of NumPy, modules must be compiled with NumPy 2.0.
Some module may need to rebuild instead e.g. with 'pybind11>=2.12'.

If you are a user of the module, the easiest solution will be to
downgrade to 'numpy<2' or try to upgrade the affected module.
We expect that some modules will need time to support NumPy 2.

Traceback (most recent call last):  File "/lambda/nfs/hackMojo/MojoX/test_basic.py", line 24, in <module>
    import torch
  File "/usr/lib/python3/dist-packages/torch/__init__.py", line 2222, in <module>
    from torch import quantization as quantization  # usort: skip
  File "/usr/lib/python3/dist-packages/torch/quantization/__init__.py", line 2, in <module>
    from .fake_quantize import *  # noqa: F403
  File "/usr/lib/python3/dist-packages/torch/quantization/fake_quantize.py", line 10, in <module>
    from torch.ao.quantization.fake_quantize import (
  File "/usr/lib/python3/dist-packages/torch/ao/quantization/__init__.py", line 12, in <module>
    from .pt2e._numeric_debugger import (  # noqa: F401
  File "/usr/lib/python3/dist-packages/torch/ao/quantization/pt2e/_numeric_debugger.py", line 9, in <module>
    from torch.export import ExportedProgram
  File "/usr/lib/python3/dist-packages/torch/export/__init__.py", line 68, in <module>
    from .decomp_utils import CustomDecompTable
  File "/usr/lib/python3/dist-packages/torch/export/decomp_utils.py", line 5, in <module>
    from torch._export.utils import (
  File "/usr/lib/python3/dist-packages/torch/_export/__init__.py", line 48, in <module>
    from .wrappers import _wrap_submodules
  File "/usr/lib/python3/dist-packages/torch/_export/wrappers.py", line 7, in <module>
    from torch._higher_order_ops.strict_mode import strict_mode
  File "/usr/lib/python3/dist-packages/torch/_higher_order_ops/__init__.py", line 1, in <module>
    from torch._higher_order_ops.cond import cond
  File "/usr/lib/python3/dist-packages/torch/_higher_order_ops/cond.py", line 9, in <module>
    import torch._subclasses.functional_tensor
  File "/usr/lib/python3/dist-packages/torch/_subclasses/functional_tensor.py", line 45, in <module>
    class FunctionalTensor(torch.Tensor):
  File "/usr/lib/python3/dist-packages/torch/_subclasses/functional_tensor.py", line 275, in FunctionalTensor
    cpu = _conversion_method_template(device=torch.device("cpu"))
/usr/lib/python3/dist-packages/torch/_subclasses/functional_tensor.py:275: UserWarning: Failed to initialize NumPy: _ARRAY_API not found (Triggered internally at ./torch/csrc/utils/tensor_numpy.cpp:81.)
  cpu = _conversion_method_template(device=torch.device("cpu"))
🚀 MojoX Basic Environment Test
==================================================
✅ Python Version: 3.10.12 (main, Feb  4 2025, 14:57:36) [GCC 11.4.0]
✅ Working Directory: /lambda/nfs/hackMojo/MojoX
✅ NumPy: 2.2.6
✅ PyTorch: 2.6.0
✅ CUDA Available: True
✅ GPU Count: 8
✅ GPU Name: NVIDIA H100 80GB HBM3
✅ OpenCV: 4.11.0
✅ PIL/Pillow: 9.0.1

📁 Project Structure:
✅ src/
✅ src/kernels/
✅ src/models/
✅ src/utils/
✅ config/
✅ demos/

⚙️ Testing Configuration:
❌ Configuration test failed: 'ConfigManager' object has no attribute 'load_config'

🔥 Testing Mojo:
❌ Mojo not found in PATH

==================================================
🎯 Basic test complete!
